
> periodya@0.1.0 build
> prisma generate && prisma migrate deploy && next build

Environment variables loaded from .env
Prisma schema loaded from prisma\schema.prisma
node.exe : Error: 
At line:1 char:1
+ & "C:\Program Files\nodejs/
node.exe" "C:\Program Files\n
odejs/node_mo ...
+ ~~~~~~~~~~~~~~~~~~~~~~~~~~~
~~~~~~~~~~~~~~~~~~~~~~~~~~~~~
~~~~~~~~~~~~~
    + CategoryInfo           
   : NotSpecified: (Error:   
  :String) [], RemoteExcep   
 tion
    + FullyQualifiedErrorId  
   : NativeCommandError
 
write UNKNOWN


