
> periodya@0.1.0 build
> prisma generate && prisma migrate deploy && next build

Environment variables loaded from .env
Prisma schema loaded from prisma\schema.prisma

Ô£ö Generated Prisma Client (v5.22.0) to .\node_modules\@prisma\client in 5.32s

Start by importing your Prisma Client (See: https://pris.ly/d/importing-client)

Tip: Curious about the SQL queries Prisma ORM generates? Optimize helps you enhance your visibility: https://pris.ly/tip-2-optimize

Environment variables loaded from .env
Prisma schema loaded from prisma\schema.prisma
Datasource "db": PostgreSQL database "neondb", schema "public" at "ep-billowing-glade-agt0zp7m-pooler.c-2.eu-central-1.aws.neon.tech"

35 migrations found in prisma/migrations


No pending migrations to apply.
node.exe : ÔÜá `eslint` co
nfiguration in next.config
.ts is no longer supported
. See more info here: http
s://nextjs.org/docs/app/ap
i-reference/cli/next#next-
lint-options
At line:1 char:1
+ & "C:\Program Files\node
js/node.exe" "C:\Program F
iles\nodejs/node_mo ...
+ ~~~~~~~~~~~~~~~~~~~~~~~~
~~~~~~~~~~~~~~~~~~~~~~~~~~
~~~~~~~~~~~~~~~~~~~
    + CategoryInfo        
      : NotSpecified: (Ô  
  Üá `eslint` co...xt-l   
 int-options:String) [    
], RemoteException
    + FullyQualifiedError 
   Id : NativeCommandErr  
  or
 
ÔÜá Invalid next.config.ts
 options detected: 
ÔÜá     Unrecognized key(s
) in object: 'eslint'
ÔÜá See more info here: ht
tps://nextjs.org/docs/mess
ages/invalid-next-config
Ôû▓ Next.js 16.1.4 (Turbopack)
- Environments: .env.production.local, .env.local, .env.production, .env

ÔÜá The "middleware" file 
convention is deprecated. 
Please use "proxy" instead
. Learn more: https://next
js.org/docs/messages/middl
eware-to-proxy
  Creating an optimized production build ...

> Build error occurred
RangeError: Invalid count 
value: -1
    at String.repeat (<ano
nymous>) {
  type: 'RangeError'
}
