node.exe : ÔÜá `eslint` confi
guration in next.config.ts is
 no longer supported. See mor
e info here: https://nextjs.o
rg/docs/app/api-reference/cli
/next#next-lint-options
At line:1 char:1
+ & "C:\Program Files\nodejs/
node.exe" "C:\Program Files\n
odejs/node_mo ...
+ ~~~~~~~~~~~~~~~~~~~~~~~~~~~
~~~~~~~~~~~~~~~~~~~~~~~~~~~~~
~~~~~~~~~~~~~
    + CategoryInfo           
   : NotSpecified: (ÔÜá `es  
  lint` co...xt-lint-optio   
 ns:String) [], RemoteExc    
eption
    + FullyQualifiedErrorId  
   : NativeCommandError
 
ÔÜá Invalid next.config.ts op
tions detected: 
ÔÜá     Unrecognized key(s) i
n object: 'eslint'
ÔÜá See more info here: https
://nextjs.org/docs/messages/i
nvalid-next-config

> Build error occurred
Error: EPERM: operation not p
ermitted, unlink 'C:\Users\er
tke\OneDrive\Masa├╝st├╝\perio
dya\muhasebeapp\motoroil\.nex
t\static\KN34aWwqtkSlLMGQXaa9
I'
    at ignore-listed frames {
  errno: -4048,
  code: 'EPERM',
  syscall: 'unlink',
  path: 'C:\\Users\\ertke\\On
eDrive\\Masa├╝st├╝\\periodya\
\muhasebeapp\\motoroil\\.next
\\static\\KN34aWwqtkSlLMGQXaa
9I'
}
