
> periodya@0.1.0 build
> prisma generate && prisma migrate deploy && next build

Environment variables loaded from .env
Prisma schema loaded from prisma\schema.prisma

Ô£ö Generated Prisma Client (v5.22.0) to .\node_modules\@prisma\client in 5.83s

Start by importing your Prisma Client (See: https://pris.ly/d/importing-client)

Help us improve the Prisma ORM for everyone. Share your feedback in a short 2-min survey: https://pris.ly/orm/survey/release-5-22

Environment variables loaded from .env
Prisma schema loaded from prisma\schema.prisma
Datasource "db": PostgreSQL database "neondb", schema "public" at "ep-billowing-glade-agt0zp7m-pooler.c-2.eu-central-1.aws.neon.tech"

34 migrations found in prisma/migrations


No pending migrations to apply.
node.exe : ÔÜá `eslint` confi
guration in next.config.ts is
 no longer supported. See mor
e info here: https://nextjs.o
rg/docs/app/api-reference/cli
/next#next-lint-options
At line:1 char:1
+ & "C:\Program Files\nodejs/
node.exe" "C:\Program Files\n
odejs/node_mo ...
+ ~~~~~~~~~~~~~~~~~~~~~~~~~~~
~~~~~~~~~~~~~~~~~~~~~~~~~~~~~
~~~~~~~~~~~~~
    + CategoryInfo           
   : NotSpecified: (ÔÜá `es  
  lint` co...xt-lint-optio   
 ns:String) [], RemoteExc    
eption
    + FullyQualifiedErrorId  
   : NativeCommandError
 
ÔÜá Invalid next.config.ts op
tions detected: 
ÔÜá     Unrecognized key(s) i
n object: 'eslint'
ÔÜá See more info here: https
://nextjs.org/docs/messages/i
nvalid-next-config

> Build error occurred
Error: EPERM: operation not p
ermitted, unlink 'C:\Users\er
tke\OneDrive\Masa├╝st├╝\perio
dya\muhasebeapp\motoroil\.nex
t\server\app\(admin)\admin\do
cuments'
    at ignore-listed frames {
  errno: -4048,
  code: 'EPERM',
  syscall: 'unlink',
  path: 'C:\\Users\\ertke\\On
eDrive\\Masa├╝st├╝\\periodya\
\muhasebeapp\\motoroil\\.next
\\server\\app\\(admin)\\admin
\\documents'
}
