src/services/network/trust/admin.ts(15,9): error TS2353: Object literal may only specify known properties, and 'payload' does not exist in type 'AppEvent'.
src/services/network/trust/admin.ts(34,9): error TS2353: Object literal may only specify known properties, and 'payload' does not exist in type 'AppEvent'.
src/services/network/trust/score.ts(66,13): error TS2353: Object literal may only specify known properties, and 'payload' does not exist in type 'AppEvent'.
src/services/network/trust/score.ts(139,9): error TS2353: Object literal may only specify known properties, and 'payload' does not exist in type 'AppEvent'.
