src/components/eos/EnterpriseControlTower.tsx(202,38): error TS2552: Cannot find name 'ZAxis'. Did you mean 'XAxis'?
