[Prisma] Initializing PrismaClientSingleton v2 (Robust Isolation)
=== INVENTORY INTELLIGENCE ENGINE SMOKE TEST ===
Setting up test data...

[1] Testing Overstock Detection for Supplier (cmmfm5ev30003r1pohrdcztgl)...
[Inventory Engine] Analyzing Overstock for cmmfm5ev30003r1pohrdcztgl
[EVENT_BUS] Publishing event: NETWORK_INVENTORY_SIGNAL_CREATED 
Detected 1 Overstock signals.

[2] Testing Stockout Risk Detection for Buyer (cmmfm5eov0000r1posmxwotgz)...
[Inventory Engine] Analyzing Stockout risks for cmmfm5eov0000r1posmxwotgz
[EVENT_BUS] Publishing event: NETWORK_INVENTORY_SIGNAL_CREATED 
Detected 1 Stockout Risk signals.

[3] Testing Demand Signals for Buyer (cmmfm5eov0000r1posmxwotgz)...
[Inventory Engine] Analyzing Demand signals for cmmfm5eov0000r1posmxwotgz
[EVENT_BUS] Publishing event: NETWORK_INVENTORY_SIGNAL_CREATED 
Detected 1 Demand signals.

[4] Generating Trade Opportunities...
[Opportunity Engine] Generating Trade Opportunities...
[EVENT_BUS] Publishing event: NETWORK_TRADE_OPPORTUNITY_CREATED 
[EVENT_BUS] Publishing event: NETWORK_TRADE_OPPORTUNITY_CREATED 
[EVENT_BUS] Publishing event: NETWORK_TRADE_OPPORTUNITY_CREATED 
[EVENT_BUS] Publishing event: NETWORK_TRADE_OPPORTUNITY_CREATED 
[EVENT_BUS] Publishing event: NETWORK_TRADE_OPPORTUNITY_CREATED 
[EVENT_BUS] Publishing event: NETWORK_TRADE_OPPORTUNITY_CREATED 
[EVENT_BUS] Publishing event: NETWORK_TRADE_OPPORTUNITY_CREATED 
[Opportunity Engine] Finished. Generated 7 new opportunities.
Generated 7 Trade Opportunities.

[5] Testing Auto RFQ Draft Proposal...
Found matching opportunity: cmmfm5nm2000rr1po6hx5jte2. Attempting RFQ Gen...
[RFQ Draft Engine] Generating Auto Draft for Opportunity cmmfm5nm2000rr1po6hx5jte2...
[EVENT_BUS] Publishing event: NETWORK_RFQ_DRAFT_GENERATED 
RFQ Draft payload generated successfully:
{
  title: 'Suggested RFQ - Category CAT-OVR-123',
  status: 'DRAFT',
  supplierCompanyId: 'cmmfm5ewj0005r1po7i9h51lu',
  buyerCompanyId: 'cmmfm5erz0002r1pocessk027',
  confidenceDesc: '89% AI Matching Score',
  suggestedDate: 2026-03-07T00:57:09.972Z
}

=== TEST COMPLETED SUCCESSFULLY ===
