[Prisma] Initializing PrismaClientSingleton v2 (Robust Isolation)
--- Starting Network Engine Smoke Test ---
Created Tenants: A(cmmfkcw8j0000rbmgfdm8gd87), B(cmmfkcwbv0001rbmg40b6k6py), C(cmmfkcwdl0002rbmgca7suoix)
[EVENT_BUS] Publishing event: NETWORK_MEMBERSHIP_CREATED for NetworkMembership:cmmfkcwid0004rbmgp75kg73f
[EVENT_BUS] Publishing event: NETWORK_PROFILE_CREATED for NetworkCompanyProfile:cmmfkcwrl0006rbmg5so0w0bk
[EVENT_BUS] Publishing event: NETWORK_PROFILE_UPDATED for NetworkCompanyProfile:cmmfkcwrl0006rbmg5so0w0bk
[EVENT_BUS] Publishing event: NETWORK_MEMBERSHIP_CREATED for NetworkMembership:cmmfkcwz50008rbmgzsaojxwf
[EVENT_BUS] Publishing event: NETWORK_PROFILE_CREATED for NetworkCompanyProfile:cmmfkcx3x000arbmgreuunpkz
[EVENT_BUS] Publishing event: NETWORK_PROFILE_UPDATED for NetworkCompanyProfile:cmmfkcx3x000arbmgreuunpkz
[EVENT_BUS] Publishing event: NETWORK_MEMBERSHIP_CREATED for NetworkMembership:cmmfkcx8f000crbmg5s5ez585
[EVENT_BUS] Publishing event: NETWORK_PROFILE_CREATED for NetworkCompanyProfile:cmmfkcxd0000erbmg33f4f2on
[EVENT_BUS] Publishing event: NETWORK_PROFILE_UPDATED for NetworkCompanyProfile:cmmfkcxd0000erbmg33f4f2on

--- Discover Projection ---
Discover result for Tenant A: [
  {
    "id": "cmmfkcx3x000arbmgreuunpkz",
    "slug": "tenant-b-42723",
    "displayName": "Company B Ltd",
    "shortDescription": null,
    "logoFileKey": null,
    "country": "Turkey",
    "city": null,
    "sectors": [
      "Logistics"
    ],
    "verificationStatus": "UNVERIFIED",
    "visibilityLevel": "NETWORK"
  }
]
Private Field Leak on Discover? false

--- Invitations ---
[EVENT_BUS] Publishing event: NETWORK_INVITATION_SENT for NetworkConnectionInvite:cmmfkcxwo000grbmg7syi2l1y
Sent Invite A -> B: cmmfkcxwo000grbmg7syi2l1y
Duplicate blocked successfully. Error: Already sent a pending invite to this tenant
Unauthorized accept blocked successfully. Error: Invite not found or access denied
[EVENT_BUS] Publishing event: NETWORK_INVITATION_ACCEPTED for NetworkConnectionInvite:cmmfkcxwo000grbmg7syi2l1y
[EVENT_BUS] Publishing event: NETWORK_RELATIONSHIP_ACTIVATED for CompanyRelationship:cmmfkcyd9000irbmgyidwh2fz
B accepted A's invite. Relationship created: cmmfkcyd9000irbmgyidwh2fz

--- Connection Details ---
Details for A viewing relationship with B:
- Source Profile Legal Name: Company A Legal
- Target Profile Legal Name: Company B Legal

--- Cleanup Done ---
