­şÜÇ S3 -> DB Full Flow Testi Ba┼şl─▒yor (Sunucu-─░├ği Sim├╝lasyon)...
­şæñ Auth Context: Tenant=demo-tenant, Company=cmme8h4cs0001xrqpdmqnqgag
­şôĞ Hedef ├£r├╝n: S3 Test ├£r├╝n├╝ (ID: cmme8tgrp0001he7g2ayaalau)
­şîÉ AWS S3 Y├╝klemesi Ba┼şlat─▒l─▒yor... (tenants/cmme8h4cs0001xrqpdmqnqgag/products/cmme8tgrp0001he7g2ayaalau/36c12fbe-9b4f-4fcf-b457-496ae3bd8ab7-backend-test.jpg)
node.exe : [S3 Multi-Tenant U
pload] Failed: Could not load
 credentials from any provide
rs
At line:1 char:1
+ & "C:\Program Files\nodejs/
node.exe" "C:\Program Files\n
odejs/node_mo ...
+ ~~~~~~~~~~~~~~~~~~~~~~~~~~~
~~~~~~~~~~~~~~~~~~~~~~~~~~~~~
~~~~~~~~~~~~~
    + CategoryInfo           
   : NotSpecified: ([S3 Mul  
  ti-Tenan...m any provide   
 rs:String) [], RemoteExc    
eption
    + FullyQualifiedErrorId  
   : NativeCommandError
 
ÔØî Test Ba┼şar─▒s─▒z: Error:
 S3 Upload failed: Could not 
load credentials from any pro
viders
    at uploadToS3 (C:\Users\e
rtke\OneDrive\Masa├╝st├╝\peri
odya\muhasebeapp\motoroil\src
\lib\s3.ts:148:15)
    at process.processTicksAn
dRejections (node:internal/pr
ocess/task_queues:105:5)
    at async main (C:\Users\e
rtke\OneDrive\Masa├╝st├╝\peri
odya\muhasebeapp\motoroil\scr
ipts\test-s3-flow.ts:49:9)
