src/app/(app)/fintech/control-tower/page.tsx(3,37): error TS1127: Invalid character.
src/app/(app)/fintech/control-tower/page.tsx(3,171): error TS1002: Unterminated string literal.
